javac : src\models\Submis
sion.java:115: error: 
reached end of file 
while parsing
At line:1 char:1
+ javac -cp 
"src;src/lib/*" -d out 
src/Main.java > 
compile_errors.txt 2 ...
+ ~~~~~~~~~~~~~~~~~~~~~~~
~~~~~~~~~~~~~~~~~~~~~~~~~
~~~~~~~~~~~~~~~~~~~~~
    + CategoryInfo       
       : NotSpecified:   
  (src\models\Subm...e   
  while parsing:Strin    
g) [], RemoteExcepti    
on
    + FullyQualifiedErro 
   rId : NativeCommandE  
  rror
 
    }
     ^
src\models\Evaluation.jav
a:138: error: method 
getEvaluationId() is 
already defined in class 
Evaluation
    public String 
getEvaluationId() {
                  ^
src\database\SessionDAO.j
ava:10: error: cannot 
find symbol
import 
models.ScheduleItem;
             ^
  symbol:   class 
ScheduleItem
  location: package 
models
src\database\SessionDAO.j
ava:144: error: cannot 
find symbol
    public 
List<ScheduleItem> 
getSessionSchedule() {
                ^
  symbol:   class 
ScheduleItem
  location: class 
SessionDAO
src\database\SessionDAO.j
ava:145: error: cannot 
find symbol
        
List<ScheduleItem> 
schedule = new 
ArrayList<>();
             ^
  symbol:   class 
ScheduleItem
  location: class 
SessionDAO
src\database\SessionDAO.j
ava:163: error: cannot 
find symbol
                
schedule.add(new 
ScheduleItem(sessionID, 
date, time, venue, 
evaluatorID, studentID));
                         
        ^
  symbol:   class 
ScheduleItem
  location: class 
SessionDAO
6 errors
